>#!/usr/bin/env cargo
#^^ source.rust comment.line.shebang.rust punctuation.definition.comment.rust
#  ^^^^^^^^^^^^^^^^^^ source.rust comment.line.shebang.rust
>
>fn main() {}
#^^ source.rust meta.function.definition.rust keyword.other.fn.rust
#  ^ source.rust meta.function.definition.rust
#   ^^^^ source.rust meta.function.definition.rust entity.name.function.rust
#       ^ source.rust meta.function.definition.rust punctuation.brackets.round.rust
#        ^ source.rust meta.function.definition.rust punctuation.brackets.round.rust
#         ^ source.rust meta.function.definition.rust
#          ^ source.rust meta.function.definition.rust punctuation.brackets.curly.rust
#           ^ source.rust punctuation.brackets.curly.rust
>